EN freqbutton NULL C:/Users/lab/Desktop/ucisw2-organki/FreqButton.vhd sub00/vhpl05 1554107905
AR freqbutton behavioral C:/Users/lab/Desktop/ucisw2-organki/FreqButton.vhd sub00/vhpl06 1554107906
EN sawtoothdivider NULL C:/Users/lab/Desktop/ucisw2-organki/SawToothDivider.vhd sub00/vhpl01 1554107903
EN sawtooth NULL C:/Users/lab/Desktop/ucisw2-organki/ucisw2-organki/Sawtooth.vhd sub00/vhpl00 1552895224
AR sawtoothdivider behavioral C:/Users/lab/Desktop/ucisw2-organki/SawToothDivider.vhd sub00/vhpl02 1554107904
EN sawtoothschematic NULL C:/Users/lab/Desktop/ucisw2-organki/SawToothSchematic.vhf sub00/vhpl03 1554107907
AR sawtoothschematic behavioral C:/Users/lab/Desktop/ucisw2-organki/SawToothSchematic.vhf sub00/vhpl04 1554107908
