V3 17
FL C:/Users/lab/Desktop/ucisw2-organki/FreqButton.vhd 2019/04/01.10:38:16 P.20131013
EN work/FreqButton 1554107905 \
      FL C:/Users/lab/Desktop/ucisw2-organki/FreqButton.vhd \
      PB ieee/std_logic_1164 1381692176 PB ieee/std_logic_arith 1381692177
AR work/FreqButton/Behavioral 1554107906 \
      FL C:/Users/lab/Desktop/ucisw2-organki/FreqButton.vhd EN work/FreqButton 1554107905
FL C:/Users/lab/Desktop/ucisw2-organki/Sawtooth.vhd 2019/04/01.09:13:49 P.20131013
FL C:/Users/lab/Desktop/ucisw2-organki/SawToothDivider.vhd 2019/04/01.10:23:06 P.20131013
EN work/SawToothDivider 1554107903 \
      FL C:/Users/lab/Desktop/ucisw2-organki/SawToothDivider.vhd \
      PB ieee/std_logic_1164 1381692176 PB ieee/std_logic_arith 1381692177
AR work/SawToothDivider/Behavioral 1554107904 \
      FL C:/Users/lab/Desktop/ucisw2-organki/SawToothDivider.vhd \
      EN work/SawToothDivider 1554107903
FL C:/Users/lab/Desktop/ucisw2-organki/SawToothSchematic.vhf 2019/04/01.10:09:43 P.20131013
EN work/SawToothSchematic 1554107907 \
      FL C:/Users/lab/Desktop/ucisw2-organki/SawToothSchematic.vhf \
      PB ieee/std_logic_1164 1381692176 PB ieee/NUMERIC_STD 1381692181 LB UNISIM \
      PH unisim/VCOMPONENTS 1381692182
AR work/SawToothSchematic/BEHAVIORAL 1554107908 \
      FL C:/Users/lab/Desktop/ucisw2-organki/SawToothSchematic.vhf \
      EN work/SawToothSchematic 1554107907 CP SawToothDivider CP DACWrite \
      CP FreqButton CP PS2_Kbd
FL C:/Users/lab/Desktop/ucisw2-organki/ucisw2-organki/Sawtooth.vhd 2019/03/18.10:31:27 P.20131013
FL C:/Users/lab/Desktop/ucisw2-organki/ucisw2-organki/SawToothSchematic.vhf 2019/03/18.09:26:19 P.20131013
